Script started on Thu 28 Mar 2019 05:20:21 PM IST
]0;cec@localhost:~[?1034h[cec@localhost ~]$ exitsftp cs17d43@192.168.0.30
[C[C[C[C[C[C[C[C[C[C[C[C[C[C[C[C[C[C[C[Cudo apt install sublimetext
[C[C[C[C[C[C[C[C[C[C[C[C[C[C[C[C[C[C[C[C[3Pftp cs17d43@192.168.0.30
[C[C[C[C[C[C[C[C[C[C[C[C[C[C[C[C[C[C[C[Cudo apt install sublimetext[12Psublimetext[5Pcript sftpftp cs17d43@192.168.0.30
[C[C[C[C[C[C[C[C[C[C[C[C[C[C[C[C[C[C[C[C[10Pcript sftptaskftp cs17d43@192.168.0.30
[C[C[C[C[C[C[C[C[C[C[C[C[C[C[C[C[C[C[Cexit[Ksftp cs17d43@192.168.0.30
[C[C[C[C[C[C[C[C[C[C[C[C[C[C[C[C[C[C[Cls[Kexitssh csd17d43@192.168.0.30[C[1P17d43@192.168.0.30
.
              |
.  .    . .-. | .-..-. .--.--. .-.
 \\  \\  / (.-' |(  (   )|  |  |(.-'
  `' `'   `--'` `-'`-' '  '  ` `--'
cs17d43@192.168.0.30's password: 
Welcome to elementary OS 0.4.1 Loki (GNU/Linux 4.13.0-32-generic x86_64)

 * Website:  http://elementary.io/

278 packages can be updated.
0 updates are security updates.

Last login: Thu Mar 28 11:51:05 2019 from 192.168.0.211

$ ls
CHNResult.pdf  examples.desktop  s4d.txt  (t5)sftptask	test
$ cat s4d.txt
                COLLEGE OF ENGINEERING, CHENGANNUR
B. Tech CS    Semester: IV (A. Y - 2018-19)Admn : 2017-18   Batch : D

Sl No.   Admn No.    Uty Reg No.                    Name
   1.      411/17   CHN17CS004     ABIN THOMAS
   2.      412/17   CHN17CS006     ADERSH A
   3.      347/17   CHN17CS013     ALEN ANTO ABRAHAM
   4.      168/17   CHN17CS017     AMAL XAVIER
   5.      434/17   CHN17CS018     AMRITA AJITH
   6.      420/17   CHN17CS019     ANAKHA B M
   7.      394/17   CHN17CS021     ANIJA J
   8.       26/17   CHN17CS022     ANJALI LAKSHMI
   9.      382/17   CHN17CS023     ANUJA DEV R
   10.     119/17   CHN17CS024     ANUROSE K THOMAS
   11.     311/17   CHN17CS027     ARCHANA ROSE BIJU
   12.     459/17   CHN17CS029     ARUN R
   13.     386/17   CHN17CS030     ASHISH MATHEW JOHN
   14.     388/17   CHN17CS032     ASWIN K
   15.     113/17   CHN17CS034     ATHIRA SURESH
   16.     456/17   CHN17CS037     AZHAR K
   17.     197/17   CHN17CS038     BAMISHA A
   18.     181/17   CHN17CS041     DARSANA M
   19.     104/17   CHN17CS044     DEEPAK R
   20.     160/17   CHN17CS045     DEVIKA KRISHNA
   21.     172/17   CHN17CS048     GEORGI K JOSEPH
   22.     121/17   CHN17CS051     GOUTHAM G
   23.     378/17   CHN17CS052     GOVIND J NAIR
   24.     143/17   CHN17CS053     GRESHMA SHAJI
   25.     182/17   CHN17CS054     HARIDEV S
   26.     154/17   CHN17CS055     HARIKRISHNAN S KARTHA
   27.     445/17   CHN17CS057     JATHIN SURESH
   28.      03/17   CHN17CS058     JENY SUSAN RAJAN
   29.      36/17   CHN17CS063     JOEL JOSEPH
   30.     151/17   CHN17CS064     JOHAN SAM THOMAS
   31.     400/17   CHN17CS070     LENA GRACE JOSEPH
   32.      17/17   CHN17CS071     LINTA MARIAM DANIEL
   33.     393/17   CHN17CS074     MEGHA ELSA SHIBU
   34.     389/17   CHN17CS076     MOHAMED SHAHIL K
   35.     134/17   CHN17CS077     MONIYA MOHAN
   36.     131/17   CHN17CS080     NIKHIL M TOMY
   37.      10/17   CHN17CS083     NIRMAL K GEORGE MATHEW
   38.     441/17   CHN17CS085     NITHYA VENUGOPAL
   39.     142/17   CHN17CS088     N S ATHUL ANAND
   40.     169/17   CHN17CS090     PRANAY PRINCE
   41.     278/17   CHN17CS093     RITHU MARIA JOSE
   42.     187/17   CHN17CS094     RITTY THOMAS
   43.     423/17   CHN17CS095     ROSHIN ROY
   44.     156/17   CHN17CS097     SACHIN R
   45.     290/17   CHN17CS100     SAYOOJ K
   46.     139/17   CHN17CS101     SHABEERDAS C
   47.     115/17   CHN17CS104     SHYLESH S
   48.     443/17   CHN17CS106     SNEHA JAYAN
   49.     108/17   CHN17CS109     SREELAL S
   50.     185/17   CHN17CS110     STEPHEN THOMAS
   51.     315/17   CHN17CS111     SURYA MERIN PHILIP
   52.     170/17   CHN17CS113     THWALIB NAZIR
   53.     381/17   CHN17CS114     VARGHESE P P
   54.     102/17   CHN17CS115     VIMAL K R
   55.     192/17   CHN17CS116     VISAKH SEBASTIAN
   56.     116/17   CHN17CS117     VISHAK P V
   57.     357/17   CHN17CS118     VISHNU V
   58.     404/17   CHN17CS119     VYSHAKH R
   
$ touch you.txt
$ ls
CHNResult.pdf  examples.desktop  s4d.txt  (t5)sftptask	test  you.txt
$ mk  dir tets  st1
$ ls
CHNResult.pdf  examples.desktop  s4d.txt  (t5)sftptask	test  test1  you.txt
$ rm tetst1
rm: cannot remove 'tetst1': No such file or directory
$ rm test1
rm: cannot remove 'test1': Is a directory
$ rmdir test1
$ ls
CHNResult.pdf  examples.desktop  s4d.txt  (t5)sftptask	test  you.txt
$ scp cs17d43@192.169 8.0.30 ^C
$ exit
Connection to 192.168.0.30 closed.

]0;cec@localhost:~[cec@localhost ~]$ sc[K[Kssh cs17d43@192.168.0.30 \[K[K[K[K[K[K[K[K[K[K[K[K[K[K[K[K[K[K[K[K[K[K[K[K[K[Kexitsftp cs17d43@192.168.0.30
[C[C[C[C[C[C[C[C[C[C[C[C[C[C[C[C[C[C[C[Cudo apt install sublimetext[12Psublimetext[5Pcript sftpftp cs17d43@192.168.0.30
[C[C[C[C[C[C[C[C[C[C[C[C[C[C[C[C[C[C[C[C[10Pcript sftptaskftp cs17d43@192.168.0.30
[C[C[C[C[C[C[C[C[C[C[C[C[C[C[C[C[C[C[Cexit[Ksftp cs17d43@192.168.0.30^C
]0;cec@localhost:~[cec@localhost ~]$ exitsftp cs17d43@192.168.0.30
[C[C[C[C[C[C[C[C[C[C[C[C[C[C[C[C[C[C[C[1P[1P[1P[1P cs17d43@192.168.0.30
[C[C[C[C[C[C[C[C[C[C[C[C[C[C[C[C[C[C[Cs cs17d43@192.168.0.30c cs17d43@192.168.0.30o cs17d43@192.168.0.30[1P cs17d43@192.168.0.30p cs17d43@192.168.0.30[C[C[C[C[C[C[C[C[C[C[C[C[C[C[C[C[C[C[C[C[C:~/s4d.txt ./
.
              |
.  .    . .-. | .-..-. .--.--. .-.
 \\  \\  / (.-' |(  (   )|  |  |(.-'
  `' `'   `--'` `-'`-' '  '  ` `--'
cs17d43@192.168.0.30's password: 

s4d.txt                                                                                      0%    0     0.0KB/s   --:-- ETA
s4d.txt                                                                                    100% 2995     2.9KB/s   00:00    
]0;cec@localhost:~[cec@localhost ~]$ ls
CHNResult.pdf  [0m[01;34mDocuments[0m  [01;34mMusic[0m     [01;34mPublic[0m   sshtask       [01;34mTemplates[0m        [01;34mVideos[0m
[01;34mDesktop[0m        [01;34mDownloads[0m  [01;34mPictures[0m  s4d.txt  (t5)sftptask  [01;34muntitled folder[0m
[m]0;cec@localhost:~[cec@localhost ~]$ exit
exit

Script done on Thu 28 Mar 2019 05:26:52 PM IST
